
> aulaplan@15.0.0 build
> npm run brand-check && npx prisma generate && next build


> aulaplan@15.0.0 brand-check
> node scripts/brand-check.js

­ƒøí´©Å  AULAPLAN BRAND GUARDIAN PROTOCOL INITIATED...
Ô£à BRAND INTEGRITY VERIFIED. SYSTEM IS CLEAN.
Environment variables loaded from .env
Prisma schema loaded from prisma\schema.prisma

Ô£ö Generated Prisma Client (v5.22.0) to .\node_modules\@prisma\client in 368ms

Start by importing your Prisma Client (See: https://pris.ly/d/importing-client)

Tip: Interested in query caching in just a few lines of code? Try Accelerate today! https://pris.ly/tip-3-accelerate

npm : ÔÜá `eslint` configuration 
in next.config.js is no longer 
supported. See more info here: http
s://nextjs.org/docs/app/api-referen
ce/cli/next#next-lint-options
En línea: 1 Carácter: 1
+ npm run build > build_error.log 
2>&1
+ ~~~~~~~~~~~~~~~~~~~~~~~~~~~~~~~~~
~~~
    + CategoryInfo          : NotS 
   pecified: (ÔÜá `eslint` co...x  
  t-lint-options:String) [], Rem   
 oteException
    + FullyQualifiedErrorId : Nati 
   veCommandError
 
ÔÜá Invalid next.config.js options 
detected: 
ÔÜá     Unrecognized key(s) in 
object: 'eslint'
ÔÜá See more info here: https://nex
tjs.org/docs/messages/invalid-next-
config
ÔÜá Warning: Next.js inferred your 
workspace root, but it may not be 
correct.
 We detected multiple lockfiles 
and selected the directory of 
C:\Users\Usuario\package-lock.json 
as the root directory.
 To silence this warning, set 
`turbopack.root` in your Next.js 
config, or consider removing one 
of the lockfiles if it's not 
needed.
   See https://nextjs.org/docs/app/
api-reference/config/next-config-js
/turbopack#root-directory for more 
information.
 Detected additional lockfiles: 
   * C:\Users\Usuario\Downloads\aut
oplanea-mep\package-lock.json

Ôû▓ Next.js 16.1.4 (Turbopack)
- Environments: .env

ÔÜá The "middleware" file 
convention is deprecated. Please 
use "proxy" instead. Learn more: ht
tps://nextjs.org/docs/messages/midd
leware-to-proxy
  Creating an optimized production build ...
Turbopack build encountered 2 
warnings:
./Downloads/autoplanea-mep/src/app/
dashboard/generator/page.jsx:24:50
Module not found: Can't resolve 
'@/app/actions/generator'
[0m [90m 22 |[39m         
[36mtry[39m {
 [90m 23 |[39m             
[90m// Import dynamically to 
ensure server-client split[39m
[31m[1m>[22m[39m[90m 24 
|[39m             [36mconst[39m 
{ generatePlanAction } [33m=[39m 
[36mawait[39m [36mimport[39m([
32m'@/app/actions/generator'[39m)
[33m;[39m
 [90m    |[39m                   
                               [31
m[1m^[22m[39m[31m[1m^[22m[39
m[31m[1m^[22m[39m[31m[1m^[22
m[39m[31m[1m^[22m[39m[31m[1m
^[22m[39m[31m[1m^[22m[39m[31
m[1m^[22m[39m[31m[1m^[22m[39
m[31m[1m^[22m[39m[31m[1m^[22
m[39m[31m[1m^[22m[39m[31m[1m
^[22m[39m[31m[1m^[22m[39m[31
m[1m^[22m[39m[31m[1m^[22m[39
m[31m[1m^[22m[39m[31m[1m^[22
m[39m[31m[1m^[22m[39m[31m[1m
^[22m[39m[31m[1m^[22m[39m[31
m[1m^[22m[39m[31m[1m^[22m[39
m[31m[1m^[22m[39m[31m[1m^[22
m[39m[31m[1m^[22m[39m[31m[1m
^[22m[39m[31m[1m^[22m[39m[31
m[1m^[22m[39m[31m[1m^[22m[39
m[31m[1m^[22m[39m[31m[1m^[22
m[39m[31m[1m^[22m[39m
 [90m 25 |[39m             
[36mconst[39m response 
[33m=[39m [36mawait[39m generat
ePlanAction(activeTopic)[33m;[39m
 [90m 26 |[39m
 [90m 27 |[39m             
[36mif[39m 
(response[33m.[39merror) {[0m

Import map: aliased to relative 
'./src/app/actions/generator' 
inside of 
[project]/Downloads/autoplanea-mep


Import traces:
  Client Component Browser:
    ./Downloads/autoplanea-mep/src/
app/dashboard/generator/page.jsx 
[Client Component Browser]
    ./Downloads/autoplanea-mep/src/
app/dashboard/generator/page.jsx 
[Server Component]

  Client Component SSR:
    ./Downloads/autoplanea-mep/src/
app/dashboard/generator/page.jsx 
[Client Component SSR]
    ./Downloads/autoplanea-mep/src/
app/dashboard/generator/page.jsx 
[Server Component]

https://nextjs.org/docs/messages/mo
dule-not-found


./Downloads/autoplanea-mep/src/comp
onents/auth/ProfileWizard.jsx:22:49
Module not found: Can't resolve 
'@/app/actions/user-profile'
[0m [90m 20 |[39m         
[36mtry[39m {
 [90m 21 |[39m             
[90m// Server Action Call[39m
[31m[1m>[22m[39m[90m 22 
|[39m             [36mconst[39m 
{ updateUserProfile } [33m=[39m 
[36mawait[39m [36mimport[39m([
32m'@/app/actions/user-profile'[39
m)[33m;[39m
 [90m    |[39m                   
                              [31m
[1m^[22m[39m[31m[1m^[22m[39m
[31m[1m^[22m[39m[31m[1m^[22m
[39m[31m[1m^[22m[39m[31m[1m^
[22m[39m[31m[1m^[22m[39m[31m
[1m^[22m[39m[31m[1m^[22m[39m
[31m[1m^[22m[39m[31m[1m^[22m
[39m[31m[1m^[22m[39m[31m[1m^
[22m[39m[31m[1m^[22m[39m[31m
[1m^[22m[39m[31m[1m^[22m[39m
[31m[1m^[22m[39m[31m[1m^[22m
[39m[31m[1m^[22m[39m[31m[1m^
[22m[39m[31m[1m^[22m[39m[31m
[1m^[22m[39m[31m[1m^[22m[39m
[31m[1m^[22m[39m[31m[1m^[22m
[39m[31m[1m^[22m[39m[31m[1m^
[22m[39m[31m[1m^[22m[39m[31m
[1m^[22m[39m[31m[1m^[22m[39m
[31m[1m^[22m[39m[31m[1m^[22m
[39m[31m[1m^[22m[39m[31m[1m^
[22m[39m[31m[1m^[22m[39m[31m
[1m^[22m[39m
 [90m 23 |[39m             
[36mconst[39m result [33m=[39m 
[36mawait[39m updateUserProfile(f
ormData)[33m;[39m
 [90m 24 |[39m
 [90m 25 |[39m             
[36mif[39m 
(result[33m.[39msuccess) {[0m

Import map: aliased to relative 
'./src/app/actions/user-profile' 
inside of 
[project]/Downloads/autoplanea-mep


Import traces:
  Client Component Browser:
    ./Downloads/autoplanea-mep/src/
components/auth/ProfileWizard.jsx 
[Client Component Browser]
    ./Downloads/autoplanea-mep/src/
app/dashboard/page.jsx [Client 
Component Browser]
    ./Downloads/autoplanea-mep/src/
app/dashboard/page.jsx [Server 
Component]

  Client Component SSR:
    ./Downloads/autoplanea-mep/src/
components/auth/ProfileWizard.jsx 
[Client Component SSR]
    ./Downloads/autoplanea-mep/src/
app/dashboard/page.jsx [Client 
Component SSR]
    ./Downloads/autoplanea-mep/src/
app/dashboard/page.jsx [Server 
Component]

https://nextjs.org/docs/messages/mo
dule-not-found



> Build error occurred
Error: Turbopack build failed with 
2 errors:
./Downloads/autoplanea-mep/src/app/
superadmin/users/page.jsx:2:1
Module not found: Can't resolve 
'@/app/actions/superadmin'
[0m [90m 1 |[39m
[31m[1m>[22m[39m[90m 2 |[39m 
[36mimport[39m { activateUser } 
[36mfrom[39m [32m'@/app/actions/
superadmin'[39m[33m;[39m
 [90m   |[39m [31m[1m^[22m[39
m[31m[1m^[22m[39m[31m[1m^[22
m[39m[31m[1m^[22m[39m[31m[1m
^[22m[39m[31m[1m^[22m[39m[31
m[1m^[22m[39m[31m[1m^[22m[39
m[31m[1m^[22m[39m[31m[1m^[22
m[39m[31m[1m^[22m[39m[31m[1m
^[22m[39m[31m[1m^[22m[39m[31
m[1m^[22m[39m[31m[1m^[22m[39
m[31m[1m^[22m[39m[31m[1m^[22
m[39m[31m[1m^[22m[39m[31m[1m
^[22m[39m[31m[1m^[22m[39m[31
m[1m^[22m[39m[31m[1m^[22m[39
m[31m[1m^[22m[39m[31m[1m^[22
m[39m[31m[1m^[22m[39m[31m[1m
^[22m[39m[31m[1m^[22m[39m[31
m[1m^[22m[39m[31m[1m^[22m[39
m[31m[1m^[22m[39m[31m[1m^[22
m[39m[31m[1m^[22m[39m[31m[1m
^[22m[39m[31m[1m^[22m[39m[31
m[1m^[22m[39m[31m[1m^[22m[39
m[31m[1m^[22m[39m[31m[1m^[22
m[39m[31m[1m^[22m[39m[31m[1m
^[22m[39m[31m[1m^[22m[39m[31
m[1m^[22m[39m[31m[1m^[22m[39
m[31m[1m^[22m[39m[31m[1m^[22
m[39m[31m[1m^[22m[39m[31m[1m
^[22m[39m[31m[1m^[22m[39m[31
m[1m^[22m[39m[31m[1m^[22m[39
m[31m[1m^[22m[39m[31m[1m^[22
m[39m[31m[1m^[22m[39m[31m[1m
^[22m[39m[31m[1m^[22m[39m[31
m[1m^[22m[39m
 [90m 3 |[39m [36mimport[39m { 
[33mPrismaClient[39m } 
[36mfrom[39m [32m'@prisma/client
'[39m[33m;[39m
 [90m 4 |[39m [36mimport[39m { 
auth } [36mfrom[39m 
[32m'@/auth'[39m[33m;[39m
 [90m 5 |[39m [36mimport[39m { 
redirect } [36mfrom[39m [32m'nex
t/navigation'[39m[33m;[39m[0m

Import map: aliased to relative 
'./src/app/actions/superadmin' 
inside of 
[project]/Downloads/autoplanea-mep


https://nextjs.org/docs/messages/mo
dule-not-found


./Downloads/autoplanea-mep/src/core
/productivity/smart-importer.js:7:1
Module not found: Can't resolve 
'papaparse'
[0m [90m  5 |[39m [90m */[39m
 [90m  6 |[39m
[31m[1m>[22m[39m[90m  7 
|[39m [36mimport[39m 
[33mPapa[39m [36mfrom[39m 
[32m'papaparse'[39m[33m;[39m 
[90m// Simulaci├│n de librer├¡a 
CSV[39m
 [90m    |[39m [31m[1m^[22m[3
9m[31m[1m^[22m[39m[31m[1m^[2
2m[39m[31m[1m^[22m[39m[31m[1
m^[22m[39m[31m[1m^[22m[39m[3
1m[1m^[22m[39m[31m[1m^[22m[3
9m[31m[1m^[22m[39m[31m[1m^[2
2m[39m[31m[1m^[22m[39m[31m[1
m^[22m[39m[31m[1m^[22m[39m[3
1m[1m^[22m[39m[31m[1m^[22m[3
9m[31m[1m^[22m[39m[31m[1m^[2
2m[39m[31m[1m^[22m[39m[31m[1
m^[22m[39m[31m[1m^[22m[39m[3
1m[1m^[22m[39m[31m[1m^[22m[3
9m[31m[1m^[22m[39m[31m[1m^[2
2m[39m[31m[1m^[22m[39m[31m[1
m^[22m[39m[31m[1m^[22m[39m[3
1m[1m^[22m[39m[31m[1m^[22m[3
9m
 [90m  8 |[39m [90m// Nota: En 
producci├│n real instalar: npm 
install papaparse xlsx[39m
 [90m  9 |[39m
 [90m 10 |[39m [36mexport[39m 
[36masync[39m [36mfunction[39m 
parseAndValidateImport(file[33m,[
39m institutionId) {[0m



Import traces:
  Client Component Browser:
    ./Downloads/autoplanea-mep/src/
core/productivity/smart-importer.js
 [Client Component Browser]
    ./Downloads/autoplanea-mep/src/
components/features/productivity/Sm
artImporterWidget.jsx [Client 
Component Browser]
    ./Downloads/autoplanea-mep/src/
components/features/productivity/Sm
artImporterWidget.jsx [Server 
Component]
    ./Downloads/autoplanea-mep/src/
app/dashboard/tools/importer/page.j
sx [Server Component]

  Client Component SSR:
    ./Downloads/autoplanea-mep/src/
core/productivity/smart-importer.js
 [Client Component SSR]
    ./Downloads/autoplanea-mep/src/
components/features/productivity/Sm
artImporterWidget.jsx [Client 
Component SSR]
    ./Downloads/autoplanea-mep/src/
components/features/productivity/Sm
artImporterWidget.jsx [Server 
Component]
    ./Downloads/autoplanea-mep/src/
app/dashboard/tools/importer/page.j
sx [Server Component]

https://nextjs.org/docs/messages/mo
dule-not-found


    at <unknown> (./Downloads/autop
lanea-mep/src/app/superadmin/users/
page.jsx:2:1)
    at <unknown> (https://nextjs.or
g/docs/messages/module-not-found)
    at <unknown> (./Downloads/autop
lanea-mep/src/core/productivity/sma
rt-importer.js:7:1)
    at <unknown> (https://nextjs.or
g/docs/messages/module-not-found)
