prisma/seed-genesis-v3.ts(17,13): error TS2353: Object literal may only specify known properties, and 'name' does not exist in type '(Without<UserUpdateInput, UserUncheckedUpdateInput> & UserUncheckedUpdateInput) | (Without<...> & UserUpdateInput)'.
prisma/seed-genesis-v3.ts(24,13): error TS2353: Object literal may only specify known properties, and 'name' does not exist in type '(Without<UserCreateInput, UserUncheckedCreateInput> & UserUncheckedCreateInput) | (Without<...> & UserCreateInput)'.
prisma/seed-genesis-v3.ts(33,64): error TS2339: Property 'name' does not exist on type '{ id: string; email: string; nombre1: string; nombre2: string; apellido1: string; apellido2: string; passwordHash: string; role: UserRole; honorific: string; subscriptionStatus: string; ... 8 more ...; createdAt: Date; }'.
provisioning_test.ts(25,59): error TS2339: Property 'tempPass' does not exist on type '{ success: boolean; tempPassword: string; userId: string; error?: undefined; } | { success: boolean; error: any; tempPassword?: undefined; userId?: undefined; }'.
  Property 'tempPass' does not exist on type '{ success: boolean; tempPassword: string; userId: string; error?: undefined; }'.
src/app/actions/dashboard.ts(80,23): error TS2339: Property 'name' does not exist on type '{ id: string; email: string; nombre1: string; nombre2: string; apellido1: string; apellido2: string; passwordHash: string; role: UserRole; honorific: string; subscriptionStatus: string; ... 8 more ...; createdAt: Date; }'.
src/app/actions/dashboard.ts(84,23): error TS2339: Property 'plan' does not exist on type '{ id: string; email: string; nombre1: string; nombre2: string; apellido1: string; apellido2: string; passwordHash: string; role: UserRole; honorific: string; subscriptionStatus: string; ... 8 more ...; createdAt: Date; }'.
src/components/features/dashboard/generator/components/PlanRenderer.tsx(2,58): error TS2307: Cannot find module '@/components/ui/card' or its corresponding type declarations.
src/components/features/dashboard/generator/components/PlanRenderer.tsx(3,23): error TS2307: Cannot find module '@/components/ui/badge' or its corresponding type declarations.
src/components/features/dashboard/generator/components/PlanRenderer.tsx(16,79): error TS2307: Cannot find module '@/components/ui/select' or its corresponding type declarations.
src/components/features/dashboard/generator/components/PlanRenderer.tsx(17,74): error TS2307: Cannot find module '@/components/ui/tooltip' or its corresponding type declarations.
src/components/MediationDeck.tsx(2,58): error TS2307: Cannot find module '@/components/ui/card' or its corresponding type declarations.
src/components/MediationDeck.tsx(3,23): error TS2307: Cannot find module '@/components/ui/badge' or its corresponding type declarations.
src/components/MediationDeck.tsx(4,74): error TS2307: Cannot find module '@/components/ui/tooltip' or its corresponding type declarations.
src/hooks/use-toast.ts(6,53): error TS2307: Cannot find module '@/components/ui/toast' or its corresponding type declarations.
src/lib/antigravity-service.ts(1,8): error TS2613: Module '"C:/Users/Usuario/Downloads/autoplanea-mep/src/lib/prisma"' has no default export. Did you mean to use 'import { prisma } from "C:/Users/Usuario/Downloads/autoplanea-mep/src/lib/prisma"' instead?
